'Data-parallel vector library' 'deduction guides for std::vector' 'deduction guides for vector' 'experimental::erase_if(vector)' experimental::parallel::parallel_vector_execution_policy experimental::vector_aligned experimental::vector_aligned_tag 'operator!=(std::vector)' 'operator(std::vector)' 'operator==(std::vector)' 'operator>=(std::vector)' 'operator!=(vector)' 'operator(vector)' 'operator==(vector)' 'operator>=(vector)' 'std::experimental::erase_if(std::vector)' std::experimental::parallel::parallel_vector_execution_policy std::experimental::vector_aligned std::experimental::vector_aligned_tag 'std::swap(std::vector)' 'std::vector (1)' 'std::vector (2)' std::vector::assign std::vector::at std::vector::back std::vector::begin std::vector::capacity std::vector::cbegin std::vector::cend std::vector::clear std::vector::crend std::vector::data std::vector::emplace_back std::vector::empty std::vector::end std::vector::erase std::vector::flip std::vector::front std::vector::get_allocator std::vector::insert std::vector::max_size 'std::vector::operator=' std::vector::reference std::vector::rend std::vector::reserve std::vector::shrink_to_fit std::vector::size 'std::vector::swap (1)' 'std::vector::swap (2)' std::vector::~vector std::vector::vector 'swap(vector)' 'vector (1)' 'vector (2)' vector::assign vector::at vector::back vector::begin vector::capacity vector::cbegin vector::cend vector::clear vector::crend vector::data vector::emplace_back vector::empty vector::end vector::erase vector::flip vector::front vector::get_allocator vector::insert vector::max_size 'vector::operator=' vector::reference vector::rend vector::reserve vector::shrink_to_fit vector::size 'vector::swap (1)' 'vector::swap (2)' vector::~vector vector::vector
